// Jest Snapshot v1, https://goo.gl/fbAQLP

exports[`Test LoginScreen should match to snapshot 1`] = `ShallowWrapper {}`;
